[2026-05-03 02:27:14] [INFO] ======================================================================
[2026-05-03 02:27:14] [INFO] EMI LOCKER AUTONOMOUS BUILDER v2.0
[2026-05-03 02:27:14] [INFO] Executor : xiaomi-token-plan-singapore/mimo-v2.5-pro  (1M ctx — planning + review)
[2026-05-03 02:27:14] [INFO] Worker   : minimax-coding-plan/MiniMax-M2.7  (256k ctx — implementation)
[2026-05-03 02:27:14] [INFO] ======================================================================
[2026-05-03 02:27:14] [INFO] SUPERVISOR_WATCH: Codex live watcher launch requested.
[2026-05-03 02:27:14] [INFO] EXECUTOR (xiaomi-token-plan-singapore/mimo-v2.5-pro): Reading PRD and building implementation plan...
[2026-05-03 02:27:54] [INFO] EXECUTOR: PRD analysis complete.
[2026-05-03 02:27:54] [INFO] Running Phase 2 only — 5 modules
[2026-05-03 02:27:54] [INFO] Resuming from module: backend-decoupling
[2026-05-03 02:27:54] [INFO] Modules to build: 4

[2026-05-03 02:27:54] [INFO] 
------------------------------------------------------------
[2026-05-03 02:27:54] [INFO] [1/4] MODULE: backend-decoupling  (Phase 2)
[2026-05-03 02:27:54] [INFO] ------------------------------------------------------------
[2026-05-03 02:33:04] [INFO] EXECUTOR (xiaomi-token-plan-singapore/mimo-v2.5-pro): Reviewing backend-decoupling...
[2026-05-03 02:34:29] [INFO] Review: status=needs_changes score=78
[2026-05-03 02:34:29] [INFO] Fix iteration 1/3: 5 issue(s)
[2026-05-03 02:34:29] [INFO] WORKER (minimax-coding-plan/MiniMax-M2.7): Fixing 5 issue(s) in backend-decoupling...
[2026-05-03 02:36:43] [INFO] EXECUTOR (xiaomi-token-plan-singapore/mimo-v2.5-pro): Reviewing backend-decoupling...
[2026-05-03 02:42:57] [INFO] Re-review: status=needs_changes score=82
[2026-05-03 02:42:57] [INFO] Fix iteration 2/3: 5 issue(s)
[2026-05-03 02:42:57] [INFO] WORKER (minimax-coding-plan/MiniMax-M2.7): Fixing 5 issue(s) in backend-decoupling...
[2026-05-03 02:46:25] [INFO] EXECUTOR (xiaomi-token-plan-singapore/mimo-v2.5-pro): Reviewing backend-decoupling...
[2026-05-03 03:02:49] [ERROR] Timeout after 480s for model xiaomi-token-plan-singapore/mimo-v2.5-pro
[2026-05-03 03:02:49] [INFO] Re-review: status=approved score=75
[2026-05-03 03:02:49] [INFO] APPROVED: backend-decoupling  (score: 75)
[2026-05-03 03:02:51] [INFO] [2/4] Skipping backend-location (already completed)
[2026-05-03 03:02:51] [INFO] 
------------------------------------------------------------
[2026-05-03 03:02:51] [INFO] [3/4] MODULE: backend-admin-api  (Phase 2)
[2026-05-03 03:02:51] [INFO] ------------------------------------------------------------
[2026-05-03 03:02:51] [INFO] WORKER (minimax-coding-plan/MiniMax-M2.7): Implementing backend-admin-api (Phase 2)...
[2026-05-03 03:05:25] [INFO] EXECUTOR (xiaomi-token-plan-singapore/mimo-v2.5-pro): Reviewing backend-admin-api...
[2026-05-03 03:13:21] [INFO] Review: status=approved score=78
[2026-05-03 03:13:21] [INFO] APPROVED: backend-admin-api  (score: 78)
[2026-05-03 03:13:23] [INFO] 
------------------------------------------------------------
[2026-05-03 03:13:23] [INFO] [4/4] MODULE: backend-fraud  (Phase 2)
[2026-05-03 03:13:23] [INFO] ------------------------------------------------------------
[2026-05-03 03:13:23] [INFO] WORKER (minimax-coding-plan/MiniMax-M2.7): Implementing backend-fraud (Phase 2)...
[2026-05-03 03:19:09] [INFO] EXECUTOR (xiaomi-token-plan-singapore/mimo-v2.5-pro): Reviewing backend-fraud...
[2026-05-03 03:28:27] [ERROR] Timeout after 480s for model xiaomi-token-plan-singapore/mimo-v2.5-pro
[2026-05-03 03:28:27] [INFO] Review: status=approved score=75
[2026-05-03 03:28:27] [INFO] APPROVED: backend-fraud  (score: 75)
[2026-05-03 03:28:29] [INFO] 
======================================================================
[2026-05-03 03:28:29] [INFO] BUILD COMPLETE
[2026-05-03 03:28:29] [INFO]   Completed : 13/4
[2026-05-03 03:28:29] [INFO]   Failed    : 1 — ['backend-decoupling']
[2026-05-03 03:28:29] [INFO]   Output    : .
[2026-05-03 03:28:29] [INFO]   Log       : build_log.md
[2026-05-03 03:28:29] [INFO] ======================================================================
[2026-05-03 03:28:29] [INFO] 
[2026-05-03 03:28:29] [INFO] NEXT STEP (per PRD): Test Phase 1 on Xiaomi, Oppo, Vivo, Samsung
[2026-05-03 03:28:29] [INFO] DO NOT proceed to Phase 2 until Phase 1 passes all OEM tests.
[2026-05-03 03:28:29] [INFO] Trigger flag written: BUILD_COMPLETE.flag
[2026-05-03 03:28:29] [INFO] AUDIT (Gemini/Antigravity): Build complete — requesting FIRST FRONTIER audit via Gemini CLI.
[2026-05-03 03:30:43] [INFO] AUDIT (Gemini/Antigravity): First frontier audit complete. Report written.
